16:40:58 - Command [C:\iasi-org-dev\iasi-dev-tools]: git remote get-url origin
16:40:58 - Command [.]: gh variable get VERSION --org iasi-org-dev
--- PARMS ------------------------------------------------
Verbose: 1
All: true
Checkpoints: false
Debug: false
PrepareOnly: false
DryRun: true
Force: false
Help: false
Install: false
Local: false
Push: false
Tolerant: false
Message: "build"
Format: ""
Path: ""
LogDir: ""
Organization: "iasi-org-dev"
Version: "v0.5.0"
TargetVersion: ""
MaterializeDestination: ""
Subcommand: ""
RequestedTargets:
Targets:
  iasi-dev-tools [repository]
    iasi-dev [none]
      01-user-guide [quarto]
Exclusions:
  - .git
  - .github
  - tests
Repos:
  - C:\iasi-org-dev\iasi-dev-tools
BlackList:
----------------------------------------------------------
16:40:58 - ============================================================
16:40:58 - Build iasi-dev-tools [repository]
16:40:58 - ============================================================
16:40:58 - ============================================================
16:40:58 -   Build iasi-dev [none]
16:40:58 - ============================================================
16:40:58 - ============================================================
16:40:58 -     Build 01-user-guide [quarto]
16:40:58 - ============================================================
