17:27:05 - Command [C:\iasi-org-dev\iasi-dev-tools]: git remote get-url origin
17:27:05 - Command [.]: gh variable get VERSION --org iasi-org-dev
--- PARMS ------------------------------------------------
Verbose: 1
All: false
Checkpoints: false
Debug: false
PrepareOnly: false
DryRun: false
Force: false
Help: false
Install: false
Local: false
Push: false
Tolerant: false
Message: "build"
Format: ""
Platforms:
  - windows
  - linux
Path: ""
LogDir: ""
Organization: "iasi-org-dev"
Version: "v0.5.0"
TargetVersion: ""
MaterializeDestination: ""
Subcommand: ""
RequestedTargets:
Targets:
  iasi-dev-tools [repository]
    iasi-dev [software]
      01-user-guide [quarto]
Exclusions:
  - .git
  - .github
  - tests
Repos:
  - C:\iasi-org-dev\iasi-dev-tools
BlackList:
----------------------------------------------------------
17:27:06 - ============================================================
17:27:06 - Build iasi-dev-tools [repository]
17:27:06 - ============================================================
17:27:06 - ============================================================
17:27:06 -   Build iasi-dev [software]
17:27:06 - ============================================================
17:27:06 - Command [C:\iasi-org-dev\iasi-dev-tools\iasi-dev\src]: GOOS=windows GOARCH=amd64 CGO_ENABLED=0 go build -o C:\iasi-org-dev\iasi-dev-tools\bin\iasi-dev.exe .
17:27:06 - Command [C:\iasi-org-dev\iasi-dev-tools\iasi-dev\src]: GOOS=linux GOARCH=amd64 CGO_ENABLED=0 go build -o C:\iasi-org-dev\iasi-dev-tools\bin\iasi-dev .
17:27:06 - ============================================================
17:27:06 -     Build 01-user-guide [quarto]
17:27:06 - ============================================================
