16:05:19 - Command [C:\iasi-org-dev\iasi-dev-tools]: git remote get-url origin
16:05:19 - Command [.]: gh variable get VERSION --org iasi-org-dev
--- PARMS ------------------------------------------------
Verbose: 1
All: true
Checkpoints: false
Debug: false
PrepareOnly: false
DryRun: true
Force: false
Help: false
Install: false
Local: false
Push: false
Tolerant: false
Message: "build"
Format: ""
Path: ""
LogDir: ""
Organization: "iasi-org-dev"
Version: "v0.5.0"
TargetVersion: ""
MaterializeDestination: ""
Subcommand: ""
RequestedTargets:
Targets:
  - C:\iasi-org-dev\iasi-dev-tools
  - C:\iasi-org-dev\iasi-dev-tools\iasi-dev
  - C:\iasi-org-dev\iasi-dev-tools\iasi-dev\docs\01-user-guide
Exclusions:
  - .git
  - .github
  - tests
Repos:
  - C:\iasi-org-dev\iasi-dev-tools
BlackList:
----------------------------------------------------------
16:05:19 - ============================================================
16:05:19 - Build iasi-dev-tools
16:05:19 - ============================================================
16:05:19 - 	Building
16:05:19 - Command [C:\iasi-org-dev\iasi-dev-tools]: Rscript -e "options(warn = 1); rc = iasi::build(); quit(status = as.integer(rc), save = \"no\")"
