17:43:14 - Command [C:\iasi-org-dev\iasi-dev-tools]: git remote get-url origin
17:43:14 - Command [.]: gh variable get VERSION --org iasi-org-dev
--- PARMS ------------------------------------------------
Verbose: 1
All: false
Checkpoints: false
Debug: false
PrepareOnly: false
DryRun: false
Force: false
Help: false
Install: false
Local: false
Push: false
Tolerant: false
Message: "build"
Format: ""
Platforms:
  - windows
  - linux
Path: ""
LogDir: ""
Organization: "iasi-org-dev"
Version: "v0.5.0"
TargetVersion: ""
MaterializeDestination: ""
Subcommand: ""
RequestedTargets:
Targets:
  iasi-dev-tools [repository]
    iasi-builder [software]
    iasi-dev [software]
      01-user-guide [quarto]
Exclusions:
  - .git
  - .github
  - tests
Repos:
  - C:\iasi-org-dev\iasi-dev-tools
BlackList:
----------------------------------------------------------
17:43:15 - ============================================================
17:43:15 - Build iasi-dev-tools [repository]
17:43:15 - ============================================================
17:43:15 - ============================================================
17:43:15 -   Build iasi-builder [software]
17:43:15 - ============================================================
17:43:15 - Command [C:\iasi-org-dev\iasi-dev-tools\iasi-builder\src]: GOOS=windows GOARCH=amd64 CGO_ENABLED=0 go build -o C:\iasi-org-dev\iasi-dev-tools\bin\iasi-builder.exe .
config.go:8:5: missing go.sum entry for module providing package github.com/pelletier/go-toml/v2 (imported by iasi-builder); to add:
	go get iasi-builder
17:43:15 - Command [C:\iasi-org-dev\iasi-dev-tools\iasi-builder\src]: GOOS=linux GOARCH=amd64 CGO_ENABLED=0 go build -o C:\iasi-org-dev\iasi-dev-tools\bin\iasi-builder .
config.go:8:5: missing go.sum entry for module providing package github.com/pelletier/go-toml/v2 (imported by iasi-builder); to add:
	go get iasi-builder
17:43:15 - ERROR: La operación ha fallado con RC 16 (0x10). Revisa el log: C:\iasi-org-dev\iasi-dev-tools\logs\iasi-build-20260916174314.log
