21:56:19 - Removing existing virtual machine 'vm-iasi-tools'...
21:56:19 - Creating seed ISO from 'C:\Users\Javier\Documents\DES\PRJ\iasi-org\iasi-dev-tools\config\iasi-tools'...
21:56:19 - Command [C:\Users\Javier\Documents\DES\PRJ\iasi-org\iasi-dev-tools\config\iasi-tools]: C:\Program Files (x86)\Windows Kits\10\Assessment and Deployment Kit\Deployment Tools\amd64\Oscdimg\oscdimg.exe -lCIDATA -u2 -udfver102 C:\Users\Javier\Documents\DES\PRJ\iasi-org\iasi-dev-tools\config\iasi-tools C:\Maquinas\vm-iasi-tools\vm-iasi-tools-seed.iso


OSCDIMG 2.56 CD-ROM and DVD-ROM Premastering Utility

Copyright (C) Microsoft, 1993-2012. All rights reserved.

Licensed only for producing Microsoft authorized content.





Scanning source tree 

Scanning source tree complete (6 files in 3 directories)



Computing directory information 
Computing directory information complete



Image file is 655360 bytes 



Writing 6 files in 3 directories to C:\Maquinas\vm-iasi-tools\vm-iasi-tools-seed.iso



oscdimg.exe : 0% complete
En C:\Users\Javier\Documents\DES\PRJ\iasi-org\iasi-dev-tools\bin\ps\common\log.ps1: 40 Carácter: 19
+         $Output = & $Command @Arguments 2>&1
+                   ~~~~~~~~~~~~~~~~~~~~~~~~~~
    + CategoryInfo          : NotSpecified: (0% complete:String) [], RemoteException
    + FullyQualifiedErrorId : NativeCommandError
 
3% complete
0% complete
4% complete
1% complete
5% complete


Final image file is 673792 bytes



Done.

5% complete
100% complete
21:56:19 - Creating virtual machine 'vm-iasi-tools'...
21:56:22 - Starting virtual machine 'vm-iasi-tools'...
21:56:22 - Virtual machine 'vm-iasi-tools' started.
21:56:22 - Virtual machine: vm-iasi-tools
21:56:22 - Path:            C:\Maquinas\vm-iasi-tools
21:56:22 - VHDX:            C:\Maquinas\vm-iasi-tools\vm-iasi-tools.vhdx
21:56:22 - Ubuntu ISO:      C:\discos\ubuntu-24.04.5-live-server-amd64.iso
21:56:22 - Seed ISO:        C:\Maquinas\vm-iasi-tools\vm-iasi-tools-seed.iso
21:56:22 - Switch:          iasi-net
21:56:22 - Log:             C:\Users\Javier\Documents\DES\PRJ\iasi-org\iasi-dev-tools\config\iasi-tools\logs\iasi-hyper-v-20260920215619.log
