14:31:29 - Removing existing virtual machine 'vm-iasi-work'...
14:31:30 - Command [C:\Users\Javier\Documents\DES\PRJ\iasi-org\iasi-dev-tools\config\iasi-work]: wsl.exe sh -lc "command -v xorriso >/dev/null 2>&1"
14:31:33 - Preparing Calamares live environment...
14:31:33 - Creating Calamares live ISO with IASI network configuration...
14:31:33 - Command [c:\tmp\vm-iasi-work-calamares-2e986370c11c40629e95585f23fd0db1]: wsl.exe xorriso -osirrox on -indev /mnt/c/discos/kubuntu-24.04.4-desktop-amd64.iso -extract /boot/grub/grub.cfg /mnt/c/tmp/vm-iasi-work-calamares-2e986370c11c40629e95585f23fd0db1/grub.cfg
wsl.exe : xorriso 1.5.6 : RockRidge filesystem manipulator, libburnia project.
En C:\Users\Javier\Documents\DES\PRJ\iasi-org\iasi-dev-tools\bin\ps\common\log.ps1: 56 Carácter: 19
+         $Output = & $Command @Arguments 2>&1
+                   ~~~~~~~~~~~~~~~~~~~~~~~~~~
    + CategoryInfo          : NotSpecified: (xorriso 1.5.6 :...burnia project.:String) [], RemoteException
    + FullyQualifiedErrorId : NativeCommandError
 

Copying of file objects from ISO image to disk filesystem is: Enabled
xorriso : NOTE : Loading ISO image tree from LBA 0
xorriso : UPDATE :     908 nodes read in 1 seconds
libisofs: NOTE : Found hidden El-Torito image for EFI.
libisofs: NOTE : EFI image start and size: 2339356 * 2048 , 10160 * 512
xorriso : NOTE : Detected El-Torito boot information which currently is set to be discarded
Drive current: -indev '/mnt/c/discos/kubuntu-24.04.4-desktop-amd64.iso'
Media current: stdio file, overwriteable
Media status : is written , is appendable
Boot record  : El Torito , MBR protective-msdos-label grub2-mbr cyl-align-off GPT
Media summary: 1 session, 2342062 data blocks, 4574m data, 93.4g free
Volume id    : 'Kubuntu 24.04.4 LTS amd64'
xorriso : UPDATE :       1 files restored (   741b) in 1 seconds = 0.0xD
Extracted from ISO image: file '/boot/grub/grub.cfg'='/mnt/c/tmp/vm-iasi-work-calamares-2e986370c11c40629e95585f23fd0db1/grub.cfg'
14:31:33 - Command [c:\tmp\vm-iasi-work-calamares-2e986370c11c40629e95585f23fd0db1]: wsl.exe chmod u+w -- /mnt/c/tmp/vm-iasi-work-calamares-2e986370c11c40629e95585f23fd0db1/grub.cfg
14:31:33 - Command [c:\tmp\vm-iasi-work-calamares-2e986370c11c40629e95585f23fd0db1]: wsl.exe grep -Fn /casper/vmlinuz /mnt/c/tmp/vm-iasi-work-calamares-2e986370c11c40629e95585f23fd0db1/grub.cfg
10:	linux	/casper/vmlinuz  --- quiet splash
15:	linux	/casper/vmlinuz nomodeset  --- quiet splash
20:	linux	/casper/vmlinuz  --- quiet splash oem-config/enable=true
14:31:33 - Injecting IASI live-network parameters into '/boot/grub/grub.cfg'...
14:31:33 - Command [c:\tmp\vm-iasi-work-calamares-2e986370c11c40629e95585f23fd0db1]: wsl.exe sed -i -e "s|/casper/vmlinuz|/casper/vmlinuz ip=eth0,10.77.0.50,255.255.255.0,10.77.0.1 nameserver=1.1.1.1 nameserver=8.8.8.8|g" /mnt/c/tmp/vm-iasi-work-calamares-2e986370c11c40629e95585f23fd0db1/grub.cfg
14:31:33 - Command [c:\tmp\vm-iasi-work-calamares-2e986370c11c40629e95585f23fd0db1]: wsl.exe grep -Fq ip=eth0,10.77.0.50,255.255.255.0,10.77.0.1 /mnt/c/tmp/vm-iasi-work-calamares-2e986370c11c40629e95585f23fd0db1/grub.cfg
14:31:34 - Command [c:\tmp\vm-iasi-work-calamares-2e986370c11c40629e95585f23fd0db1]: wsl.exe xorriso -osirrox on -indev /mnt/c/discos/kubuntu-24.04.4-desktop-amd64.iso -extract /boot/grub/loopback.cfg /mnt/c/tmp/vm-iasi-work-calamares-2e986370c11c40629e95585f23fd0db1/loopback.cfg
wsl.exe : xorriso 1.5.6 : RockRidge filesystem manipulator, libburnia project.
En C:\Users\Javier\Documents\DES\PRJ\iasi-org\iasi-dev-tools\bin\ps\common\log.ps1: 56 Carácter: 19
+         $Output = & $Command @Arguments 2>&1
+                   ~~~~~~~~~~~~~~~~~~~~~~~~~~
    + CategoryInfo          : NotSpecified: (xorriso 1.5.6 :...burnia project.:String) [], RemoteException
    + FullyQualifiedErrorId : NativeCommandError
 

Copying of file objects from ISO image to disk filesystem is: Enabled
xorriso : NOTE : Loading ISO image tree from LBA 0
xorriso : UPDATE :     908 nodes read in 1 seconds
libisofs: NOTE : Found hidden El-Torito image for EFI.
libisofs: NOTE : EFI image start and size: 2339356 * 2048 , 10160 * 512
xorriso : NOTE : Detected El-Torito boot information which currently is set to be discarded
Drive current: -indev '/mnt/c/discos/kubuntu-24.04.4-desktop-amd64.iso'
Media current: stdio file, overwriteable
Media status : is written , is appendable
Boot record  : El Torito , MBR protective-msdos-label grub2-mbr cyl-align-off GPT
Media summary: 1 session, 2342062 data blocks, 4574m data, 93.4g free
Volume id    : 'Kubuntu 24.04.4 LTS amd64'
xorriso : UPDATE :       1 files restored (   506b) in 1 seconds = 0.0xD
Extracted from ISO image: file '/boot/grub/loopback.cfg'='/mnt/c/tmp/vm-iasi-work-calamares-2e986370c11c40629e95585f23fd0db1/loopback.cfg'
14:31:34 - Command [c:\tmp\vm-iasi-work-calamares-2e986370c11c40629e95585f23fd0db1]: wsl.exe chmod u+w -- /mnt/c/tmp/vm-iasi-work-calamares-2e986370c11c40629e95585f23fd0db1/loopback.cfg
14:31:34 - Command [c:\tmp\vm-iasi-work-calamares-2e986370c11c40629e95585f23fd0db1]: wsl.exe grep -Fn /casper/vmlinuz /mnt/c/tmp/vm-iasi-work-calamares-2e986370c11c40629e95585f23fd0db1/loopback.cfg
4:	linux	/casper/vmlinuz  iso-scan/filename=${iso_path} --- quiet splash
9:	linux	/casper/vmlinuz nomodeset  iso-scan/filename=${iso_path} --- quiet splash
14:	linux	/casper/vmlinuz  iso-scan/filename=${iso_path} --- quiet splash oem-config/enable=true
14:31:34 - Injecting IASI live-network parameters into '/boot/grub/loopback.cfg'...
14:31:34 - Command [c:\tmp\vm-iasi-work-calamares-2e986370c11c40629e95585f23fd0db1]: wsl.exe sed -i -e "s|/casper/vmlinuz|/casper/vmlinuz ip=eth0,10.77.0.50,255.255.255.0,10.77.0.1 nameserver=1.1.1.1 nameserver=8.8.8.8|g" /mnt/c/tmp/vm-iasi-work-calamares-2e986370c11c40629e95585f23fd0db1/loopback.cfg
14:31:34 - Command [c:\tmp\vm-iasi-work-calamares-2e986370c11c40629e95585f23fd0db1]: wsl.exe grep -Fq ip=eth0,10.77.0.50,255.255.255.0,10.77.0.1 /mnt/c/tmp/vm-iasi-work-calamares-2e986370c11c40629e95585f23fd0db1/loopback.cfg
14:31:34 - Command [c:\tmp\vm-iasi-work-calamares-2e986370c11c40629e95585f23fd0db1]: wsl.exe xorriso -indev /mnt/c/discos/kubuntu-24.04.4-desktop-amd64.iso -outdev /mnt/c/discos/vm-iasi-work.iso -map /mnt/c/tmp/vm-iasi-work-calamares-2e986370c11c40629e95585f23fd0db1/grub.cfg /boot/grub/grub.cfg -map /mnt/c/tmp/vm-iasi-work-calamares-2e986370c11c40629e95585f23fd0db1/loopback.cfg /boot/grub/loopback.cfg -boot_image any replay
wsl.exe : xorriso 1.5.6 : RockRidge filesystem manipulator, libburnia project.
En C:\Users\Javier\Documents\DES\PRJ\iasi-org\iasi-dev-tools\bin\ps\common\log.ps1: 56 Carácter: 19
+         $Output = & $Command @Arguments 2>&1
+                   ~~~~~~~~~~~~~~~~~~~~~~~~~~
    + CategoryInfo          : NotSpecified: (xorriso 1.5.6 :...burnia project.:String) [], RemoteException
    + FullyQualifiedErrorId : NativeCommandError
 

xorriso : NOTE : Loading ISO image tree from LBA 0
xorriso : UPDATE :     908 nodes read in 1 seconds
libisofs: NOTE : Found hidden El-Torito image for EFI.
libisofs: NOTE : EFI image start and size: 2339356 * 2048 , 10160 * 512
xorriso : NOTE : Detected El-Torito boot information which currently is set to be discarded
Drive current: -indev '/mnt/c/discos/kubuntu-24.04.4-desktop-amd64.iso'
Media current: stdio file, overwriteable
Media status : is written , is appendable
Boot record  : El Torito , MBR protective-msdos-label grub2-mbr cyl-align-off GPT
Media summary: 1 session, 2342062 data blocks, 4574m data, 97.8g free
Volume id    : 'Kubuntu 24.04.4 LTS amd64'
Drive current: -outdev '/mnt/c/discos/vm-iasi-work.iso'
Media current: stdio file, overwriteable
Media status : is blank
Media summary: 0 sessions, 0 data blocks, 0 data, 97.8g free
xorriso : UPDATE :       1 files added in 1 seconds
Added to ISO image: file '/boot/grub/grub.cfg'='/mnt/c/tmp/vm-iasi-work-calamares-2e986370c11c40629e95585f23fd0db1/grub.cfg'
xorriso : UPDATE :       1 files added in 1 seconds
Added to ISO image: file '/boot/grub/loopback.cfg'='/mnt/c/tmp/vm-iasi-work-calamares-2e986370c11c40629e95585f23fd0db1/loopback.cfg'
xorriso : WARNING : -volid text problematic as automatic mount point name
xorriso : WARNING : -volid text does not comply to ISO 9660 / ECMA 119 rules
xorriso : NOTE : Replayed 22 boot related commands
xorriso : NOTE : Copying to System Area: 32768 bytes from file '--interval:imported_iso:0s-15s:zero_mbrpt,zero_gpt:/mnt/c/discos/kubuntu-24.04.4-desktop-amd64.iso'
xorriso : UPDATE : Writing:       4619s    0.2%   fifo   0%  buf  50%
xorriso : UPDATE : Writing:      12160s    0.5%   fifo   2%  buf  50%   55.7xD 
xorriso : UPDATE : Writing:      58768s    2.5%   fifo  41%  buf  50%   68.9xD 
xorriso : UPDATE : Writing:     111568s    4.8%   fifo   1%  buf  50%   78.0xD 
xorriso : UPDATE : Writing:     167659s    7.2%   fifo   0%  buf  50%   82.9xD 
xorriso : UPDATE : Writing:     224299s    9.6%   fifo   0%  buf  50%   83.7xD 
xorriso : UPDATE : Writing:     278528s   11.9%   fifo  23%  buf  50%   80.1xD 
xorriso : UPDATE : Writing:     319488s   13.6%   fifo   3%  buf  50%   60.5xD 
xorriso : UPDATE : Writing:     377056s   16.1%   fifo  31%  buf  50%   85.1xD 
xorriso : UPDATE : Writing:     431184s   18.4%   fifo   1%  buf  50%   80.0xD 
xorriso : UPDATE : Writing:     488640s   20.9%   fifo   0%  buf  50%   84.9xD 
xorriso : UPDATE : Writing:     546080s   23.3%   fifo   0%  buf  50%   84.9xD 
xorriso : UPDATE : Writing:     603488s   25.8%   fifo   0%  buf  50%   84.8xD 
xorriso : UPDATE : Writing:     660192s   28.2%   fifo   0%  buf  50%   83.8xD 
xorriso : UPDATE : Writing:     717200s   30.6%   fifo   1%  buf  50%   84.2xD 
xorriso : UPDATE : Writing:     773547s   33.0%   fifo   1%  buf  50%   83.2xD 
xorriso : UPDATE : Writing:     829920s   35.4%   fifo   3%  buf  50%   83.3xD 
xorriso : UPDATE : Writing:     884992s   37.8%   fifo  27%  buf  50%   81.4xD 
xorriso : UPDATE : Writing:     939664s   40.1%   fifo   1%  buf  50%   80.7xD 
xorriso : UPDATE : Writing:     994592s   42.5%   fifo   0%  buf  50%   81.1xD 
xorriso : UPDATE : Writing:    1050480s   44.9%   fifo   4%  buf  50%   82.6xD 
xorriso : UPDATE : Writing:    1106192s   47.2%   fifo  26%  buf  50%   82.3xD 
xorriso : UPDATE : Writing:    1163264s   49.7%   fifo   3%  buf  50%   84.3xD 
xorriso : UPDATE : Writing:    1218347s   52.0%   fifo   0%  buf  50%   81.4xD 
xorriso : UPDATE : Writing:    1274368s   54.4%   fifo   0%  buf  50%   82.8xD 
xorriso : UPDATE : Writing:    1328816s   56.7%   fifo  13%  buf  50%   80.4xD 
xorriso : UPDATE : Writing:    1384448s   59.1%   fifo  17%  buf  50%   82.2xD 
xorriso : UPDATE : Writing:    1439467s   61.5%   fifo   0%  buf  50%   81.3xD 
xorriso : UPDATE : Writing:    1493743s   63.8%   fifo   9%  buf  50%   80.2xD 
xorriso : UPDATE : Writing:    1548112s   66.1%   fifo   1%  buf  50%   79.1xD 
xorriso : UPDATE : Writing:    1597696s   68.2%   fifo  25%  buf  50%   75.2xD 
xorriso : UPDATE : Writing:    1647088s   70.3%   fifo  20%  buf  50%   75.5xD 
xorriso : UPDATE : Writing:    1703584s   72.7%   fifo   0%  buf  50%   78.4xD 
xorriso : UPDATE : Writing:    1755296s   75.0%   fifo   3%  buf  50%   83.7xD 
xorriso : UPDATE : Writing:    1812192s   77.4%   fifo   6%  buf  50%   84.1xD 
xorriso : UPDATE : Writing:    1868208s   79.8%   fifo  20%  buf  50%   82.8xD 
xorriso : UPDATE : Writing:    1924448s   82.2%   fifo   0%  buf  50%   83.1xD 
xorriso : UPDATE : Writing:    1978827s   84.5%   fifo   0%  buf  50%   80.3xD 
xorriso : UPDATE : Writing:    2033483s   86.8%   fifo   0%  buf  50%   80.8xD 
xorriso : UPDATE : Writing:    2086315s   89.1%   fifo   0%  buf  50%   78.0xD 
xorriso : UPDATE : Writing:    2141216s   91.4%   fifo   0%  buf  50%   81.0xD 
xorriso : UPDATE : Writing:    2195403s   93.8%   fifo   0%  buf  50%   79.9xD 
xorriso : UPDATE : Writing:    2250315s   96.1%   fifo   0%  buf  50%   81.0xD 
xorriso : UPDATE : Writing:    2305408s   98.4%   fifo   0%  buf  50%   81.4xD 
ISO image produced: 2341573 sectors
Written to medium : 2341744 sectors at LBA 48
Writing to '/mnt/c/discos/vm-iasi-work.iso' completed successfully.
14:32:18 - Calamares live ISO created: C:\discos\vm-iasi-work.iso
14:32:18 - Live network: 10.77.0.50/24 via 10.77.0.1 on eth0
14:32:18 - Live DNS: 1.1.1.1, 8.8.8.8
14:32:18 - Modified GRUB configuration: /boot/grub/grub.cfg, /boot/grub/loopback.cfg
14:32:18 - Creating virtual machine 'vm-iasi-work'...
14:32:20 - Starting virtual machine 'vm-iasi-work'...
14:32:23 - Virtual machine 'vm-iasi-work' started.
14:32:23 - Virtual machine: vm-iasi-work
14:32:23 - Mode:            fixed
14:32:23 - CPU:             4
14:32:23 - Memory:          8 GB static
14:32:23 - GPU:             disabled
14:32:23 - Path:            C:\Maquinas\vm-iasi-work
14:32:23 - VHDX:            C:\Maquinas\vm-iasi-work\vm-iasi-work.vhdx
14:32:23 - Installer:       calamares
14:32:23 - Source ISO:      C:\discos\kubuntu-24.04.4-desktop-amd64.iso
14:32:23 - Install ISO:     C:\discos\vm-iasi-work.iso
14:32:23 - Seed ISO:        none
14:32:23 - Network config:  C:\Users\Javier\Documents\DES\PRJ\iasi-org\iasi-dev-tools\config\iasi-net.toml
14:32:23 - Node:            iasi-work
14:32:23 - Switch:          iasi-net
14:32:23 - Address:         10.77.0.50/24
14:32:23 - Gateway:         10.77.0.1
14:32:23 - DNS:             1.1.1.1, 8.8.8.8
14:32:23 - Interface:       eth0
14:32:23 - Log:             C:\Users\Javier\Documents\DES\PRJ\iasi-org\iasi-dev-tools\config\iasi-work\logs\iasi-hyper-v-20260921143129.log
